// Vitest Snapshot v1, https://vitest.dev/guide/snapshot.html

exports[`renders cover image when loading is false 1`] = `
<div>
  <div
    class="relative w-full h-full"
  >
    <img
      alt="Cover art"
      class="w-full h-full rounded-lg"
      src="https://placehold.co/400"
    />
    <div
      class="absolute inset-0 flex items-center justify-center bg-(--bg-color) bg-opacity-50 opacity-0 hover:opacity-100 transition-opacity duration-300 rounded-lg overflow-hidden"
    >
      <div
        class="text-(--secondary) p-4 overflow-y-auto max-h-full"
      >
        <p
          class="font-bold mb-2"
        >
          Lyrics
        </p>
        <p>
          Lorem ipsum dolor sit amet, consectetur adipiscing elit.
        </p>
      </div>
    </div>
  </div>
</div>
`;

exports[`renders loading skeleton when loading is true 1`] = `
<div>
  <div
    class="relative w-full h-full"
  >
    <span
      aria-busy="true"
      aria-live="polite"
    >
      <span
        class="react-loading-skeleton w-full h-90 rounded-lg"
      >
        â€Œ
      </span>
      <br />
    </span>
  </div>
</div>
`;

exports[`renders lyrics when loading is false and image is hovered 1`] = `
<div>
  <div
    class="relative w-full h-full"
  >
    <img
      alt="Cover art"
      class="w-full h-full rounded-lg"
      src="https://placehold.co/400"
    />
    <div
      class="absolute inset-0 flex items-center justify-center bg-(--bg-color) bg-opacity-50 opacity-0 hover:opacity-100 transition-opacity duration-300 rounded-lg overflow-hidden"
    >
      <div
        class="text-(--secondary) p-4 overflow-y-auto max-h-full"
      >
        <p
          class="font-bold mb-2"
        >
          Lyrics
        </p>
        <p>
          Lorem ipsum dolor sit amet, consectetur adipiscing elit.
        </p>
      </div>
    </div>
  </div>
</div>
`;
